// Jest Snapshot v1, https://goo.gl/fbAQLP

exports[`Holdings should render correctly 1`] = `
<div
  className="holdings"
  id="holdings"
>
  <style
    jsx={true}
  >
    <type
      0="p"
      1="r"
      2="o"
      3="p"
      4="s"
      key="key"
    >
      rendered
    </type>
  </style>
  <div
    className="holdings__table-wrap"
  >
    <Holding
      active={false}
      balance="0.0000"
      fraction="0.0000"
      key="ANT-T"
      onClickHolding={[Function]}
      price="0.0035"
      symbol="ANT-T"
    />
    <Holding
      active={false}
      balance="0.0000"
      fraction="0.0000"
      key="BAT-T"
      onClickHolding={[Function]}
      price="0.0007"
      symbol="BAT-T"
    />
    <Holding
      active={false}
      balance="0.0000"
      fraction="0.0000"
      key="DGD-T"
      onClickHolding={[Function]}
      price="0.0000"
      symbol="DGD-T"
    />
    <Holding
      active={false}
      balance="0.0000"
      fraction="0.0000"
      key="DGX-T"
      onClickHolding={[Function]}
      price="0.0000"
      symbol="DGX-T"
    />
    <Holding
      active={false}
      balance="0.0000"
      fraction="0.0000"
      key="GNO-T"
      onClickHolding={[Function]}
      price="0.1113"
      symbol="GNO-T"
    />
    <Holding
      active={false}
      balance="0.0000"
      fraction="0.0000"
      key="REP-T"
      onClickHolding={[Function]}
      price="0.0648"
      symbol="REP-T"
    />
    <Holding
      active={false}
      balance="0.0000"
      fraction="0.0000"
      key="ZRX-T"
      onClickHolding={[Function]}
      price="0.0024"
      symbol="ZRX-T"
    />
    <Holding
      active={false}
      balance="0.0000"
      fraction="0.0000"
      key="REQ-T"
      onClickHolding={[Function]}
      price="0.0001"
      symbol="REQ-T"
    />
    <Holding
      active={false}
      balance="0.5166"
      fraction="50.5764"
      key="WETH"
      onClickHolding={null}
      price="1.0000"
      symbol="WETH"
    />
    <Holding
      active={false}
      balance="10.7338"
      fraction="49.4236"
      key="MLN"
      onClickHolding={[Function]}
      price="0.0470"
      symbol="MLN"
    />
    <Holding
      active={false}
      balance="0.0000"
      fraction="0.0000"
      key="MKR-T"
      onClickHolding={[Function]}
      price="1.3430"
      symbol="MKR-T"
    />
    <Holding
      active={false}
      balance="0.0000"
      fraction="0.0000"
      key="DAI-T"
      onClickHolding={[Function]}
      price="0.0021"
      symbol="DAI-T"
    />
    <Holding
      active={false}
      balance="0.0000"
      fraction="0.0000"
      key="KNC-T"
      onClickHolding={[Function]}
      price="0.0276"
      symbol="KNC-T"
    />
    <Holding
      active={false}
      balance="0.0000"
      fraction="0.0000"
      key="JNT-T"
      onClickHolding={[Function]}
      price="0.0003"
      symbol="JNT-T"
    />
    <Holding
      active={false}
      balance="0.0000"
      fraction="0.0000"
      key="OMG-T"
      onClickHolding={[Function]}
      price="0.0150"
      symbol="OMG-T"
    />
    <Holding
      active={false}
      balance="0.0000"
      fraction="0.0000"
      key="NMR-T"
      onClickHolding={[Function]}
      price="0.0184"
      symbol="NMR-T"
    />
  </div>
</div>
`;

exports[`Holdings should render correctly without price feed 1`] = `
<div
  className="holdings"
  id="holdings"
>
  <style
    jsx={true}
  >
    <type
      0="p"
      1="r"
      2="o"
      3="p"
      4="s"
      key="key"
    >
      rendered
    </type>
  </style>
  <div
    className="holdings__table-wrap"
  >
    <Holding
      active={false}
      balance="0.0000"
      fraction="0.0000"
      key="ANT-T"
      onClickHolding={[Function]}
      price="0.0035"
      symbol="ANT-T"
    />
    <Holding
      active={false}
      balance="0.0000"
      fraction="0.0000"
      key="BAT-T"
      onClickHolding={[Function]}
      price="0.0007"
      symbol="BAT-T"
    />
    <Holding
      active={false}
      balance="0.0000"
      fraction="0.0000"
      key="DGD-T"
      onClickHolding={[Function]}
      price="0.0000"
      symbol="DGD-T"
    />
    <Holding
      active={false}
      balance="0.0000"
      fraction="0.0000"
      key="DGX-T"
      onClickHolding={[Function]}
      price="0.0000"
      symbol="DGX-T"
    />
    <Holding
      active={false}
      balance="0.0000"
      fraction="0.0000"
      key="GNO-T"
      onClickHolding={[Function]}
      price="0.1113"
      symbol="GNO-T"
    />
    <Holding
      active={false}
      balance="0.0000"
      fraction="0.0000"
      key="REP-T"
      onClickHolding={[Function]}
      price="0.0648"
      symbol="REP-T"
    />
    <Holding
      active={false}
      balance="0.0000"
      fraction="0.0000"
      key="ZRX-T"
      onClickHolding={[Function]}
      price="0.0024"
      symbol="ZRX-T"
    />
    <Holding
      active={false}
      balance="0.0000"
      fraction="0.0000"
      key="REQ-T"
      onClickHolding={[Function]}
      price="0.0001"
      symbol="REQ-T"
    />
    <Holding
      active={false}
      balance="0.5166"
      fraction="50.5764"
      key="WETH"
      onClickHolding={null}
      price="1.0000"
      symbol="WETH"
    />
    <Holding
      active={false}
      balance="10.7338"
      fraction="49.4236"
      key="MLN"
      onClickHolding={[Function]}
      price="0.0470"
      symbol="MLN"
    />
    <Holding
      active={false}
      balance="0.0000"
      fraction="0.0000"
      key="MKR-T"
      onClickHolding={[Function]}
      price="1.3430"
      symbol="MKR-T"
    />
    <Holding
      active={false}
      balance="0.0000"
      fraction="0.0000"
      key="DAI-T"
      onClickHolding={[Function]}
      price="0.0021"
      symbol="DAI-T"
    />
    <Holding
      active={false}
      balance="0.0000"
      fraction="0.0000"
      key="KNC-T"
      onClickHolding={[Function]}
      price="0.0276"
      symbol="KNC-T"
    />
    <Holding
      active={false}
      balance="0.0000"
      fraction="0.0000"
      key="JNT-T"
      onClickHolding={[Function]}
      price="0.0003"
      symbol="JNT-T"
    />
    <Holding
      active={false}
      balance="0.0000"
      fraction="0.0000"
      key="OMG-T"
      onClickHolding={[Function]}
      price="0.0150"
      symbol="OMG-T"
    />
    <Holding
      active={false}
      balance="0.0000"
      fraction="0.0000"
      key="NMR-T"
      onClickHolding={[Function]}
      price="0.0184"
      symbol="NMR-T"
    />
  </div>
</div>
`;
