// Jest Snapshot v1, https://goo.gl/fbAQLP

exports[`Statistics should render correctly 1`] = `
<div
  className="statistics"
>
  <style
    jsx={true}
  >
    <type
      0="p"
      1="r"
      2="o"
      3="p"
      4="s"
      key="key"
    >
      rendered
    </type>
  </style>
  <h3>
    Statistics
  </h3>
  <Notification
    isWarning={true}
  >
    In development
  </Notification>
  <div
    className="statistics__table"
  >
    <Table>
      <TableBody>
        <Row>
          <CellBody>
            All time reward payout
          </CellBody>
          <CellBody>
            0
             MLN
          </CellBody>
        </Row>
        <Row>
          <CellBody>
            All time investment
          </CellBody>
          <CellBody>
            0
             MLN
          </CellBody>
        </Row>
        <Row>
          <CellBody>
            All time redeemals
          </CellBody>
          <CellBody>
            0
             MLN
          </CellBody>
        </Row>
        <Row>
          <CellBody>
            All time number of trades
          </CellBody>
          <CellBody>
            0
          </CellBody>
        </Row>
        <Row>
          <CellBody>
            All time high share price
          </CellBody>
          <CellBody>
            0
          </CellBody>
        </Row>
        <Row>
          <CellBody>
            All time net asset value
          </CellBody>
          <CellBody>
            0
          </CellBody>
        </Row>
      </TableBody>
    </Table>
  </div>
</div>
`;
