// Jest Snapshot v1, https://goo.gl/fbAQLP

exports[`Footer should render correctly 1`] = `
<div
  className="footer"
>
  <style
    jsx={true}
  >
    <type
      0="p"
      1="r"
      2="o"
      3="p"
      4="s"
      key="key"
    >
      rendered
    </type>
  </style>
  <span
    className="footer__item"
  >
    <a
      className="footer__item-link"
      href="https://github.com/melonproject/melon-lab/issues"
      rel="noopener noreferrer"
      target="_blank"
    >
      Report an issue
    </a>
  </span>
  <span
    className="footer__item"
  >
    <a
      className="footer__item-link"
      href="https://www.melonport.com"
      rel="noopener noreferrer"
      target="_blank"
    >
      Melonport
    </a>
  </span>
</div>
`;
