// Jest Snapshot v1, https://goo.gl/fbAQLP

exports[`Header should render correctly 1`] = `
<div
  className="header"
>
  <style
    jsx={true}
  >
    <type
      0="p"
      1="r"
      2="o"
      3="p"
      4="s"
      key="key"
    >
      rendered
    </type>
  </style>
  <div
    className="header__logo"
  >
    <Link
      href="/"
    >
      <a
        href="/"
      >
        <span
          className="header__logo-default"
        >
          <Icon
            height="30px"
            name="logos_with-text"
            width="115px"
          />
        </span>
        <span
          className="header__logo-small"
        >
          <Icon
            height="30px"
            name="logos_default"
            width="30px"
          />
        </span>
      </a>
    </Link>
  </div>
  <div
    className="header__account"
  >
    <div
      className="header__account-name"
    />
    <div
      className="header__account-info"
    >
      <span
        className="header__account-address"
      >
        <Link
          href="/wallet"
        >
          <a
            href="/wallet"
          >
            Your Wallet
          </a>
        </Link>
      </span>
      <span
        className="header__account-network"
      >
        kovan
      </span>
      <span
        className="header__account-status header__account-status--warning"
      >
        Not ready
      </span>
    </div>
  </div>
</div>
`;

exports[`Header should render correctly with status 1`] = `
<div
  className="header"
>
  <style
    jsx={true}
  >
    <type
      0="p"
      1="r"
      2="o"
      3="p"
      4="s"
      key="key"
    >
      rendered
    </type>
  </style>
  <div
    className="header__logo"
  >
    <Link
      href="/"
    >
      <a
        href="/"
      >
        <span
          className="header__logo-default"
        >
          <Icon
            height="30px"
            name="logos_with-text"
            width="115px"
          />
        </span>
        <span
          className="header__logo-small"
        >
          <Icon
            height="30px"
            name="logos_default"
            width="30px"
          />
        </span>
      </a>
    </Link>
  </div>
  <div
    className="header__account"
  >
    <div
      className="header__account-name"
    />
    <div
      className="header__account-info"
    >
      <span
        className="header__account-address"
      >
        <Link
          href="/wallet"
        >
          <a
            href="/wallet"
          >
            Your Wallet
          </a>
        </Link>
      </span>
      <span
        className="header__account-network"
      >
        kovan
      </span>
      <span
        className="header__account-status header__account-status--warning"
      >
        Not ready
      </span>
    </div>
  </div>
</div>
`;
