// Jest Snapshot v1, https://goo.gl/fbAQLP

exports[`FundActivity should render correctly 1`] = `
<div
  className="fund-activity"
>
  <h3>
    Fund Activity
  </h3>
  <p>
    Recent Subscriptions
    <br />
    Recent Redemptions
  </p>
  <Button
    onClick={[Function]}
    style="secondary"
  >
    Request full subscriptions/redeem history
  </Button>
</div>
`;
