// Jest Snapshot v1, https://goo.gl/fbAQLP

exports[`StepNavigation should render correctly 1`] = `
<ul
  className="step-navigation"
  data-c-name="StepNavigation"
>
  <style
    jsx={true}
  >
    <type
      0="p"
      1="r"
      2="o"
      3="p"
      4="s"
      key="key"
    >
      rendered
    </type>
  </style>
</ul>
`;
