// Jest Snapshot v1, https://goo.gl/fbAQLP

exports[`Modal should render correctly 1`] = `
<Modal
  ariaHideApp={false}
  bodyOpenClassName="ReactModal__Body--open"
  className="modal__wrap"
  closeTimeoutMS={0}
  interactionHandler={[MockFunction]}
  isOpen={true}
  loading={false}
  overlayClassName="modal__overlay"
  parentSelector={[Function]}
  portalClassName="ReactModalPortal"
  primaryInteraction="primaryInteraction"
  role="dialog"
  shouldCloseOnEsc={true}
  shouldCloseOnOverlayClick={true}
  shouldFocusAfterRender={true}
  shouldReturnFocusAfterClose={true}
>
  <style
    jsx={true}
  >
    <type
      0="p"
      1="r"
      2="o"
      3="p"
      4="s"
      key="key"
    >
      rendered
    </type>
  </style>
  <div
    className="modal__title"
  >
    Modal
  </div>
  <div
    className="modal__content"
  >
    Hello World
    <div
      className="modal__actions"
    />
  </div>
</Modal>
`;
