// Jest Snapshot v1, https://goo.gl/fbAQLP

exports[`Spinner should render correctly 1`] = `
<div
  className="spinner spinner--default"
>
  <style
    jsx={true}
  >
    <type
      0="p"
      1="r"
      2="o"
      3="p"
      4="s"
      key="key"
    >
      rendered
    </type>
  </style>
  <div
    className="spinner__wrapper"
  >
    <Icon
      iconClass="spinner__icon"
      name="logos_without-border"
    />
    <div
      className="spinner__loader"
    />
  </div>
</div>
`;
