// Jest Snapshot v1, https://goo.gl/fbAQLP

exports[`GenerateWallet should render correctly 1`] = `
<div
  className="generate-wallet"
>
  <style
    jsx={true}
  >
    <type
      0="p"
      1="r"
      2="o"
      3="p"
      4="s"
      key="key"
    >
      rendered
    </type>
  </style>
  <p>
    The standard bip39 is used to generate a mnemonic phrase, from which your wallet will be cryptographically derived.
  </p>
  <p>
    <b>
      Please write down the following mnemonic and store it in a safe place! If you loose your mnemonic you will not be able to access your fund again. If someone else gets a copy of this, they can take over your wallet & fund and steal your price!
    </b>
  </p>
  <p
    className="generate-wallet__mnemonic"
  >
    lorem ipsum
  </p>
  <div
    className="generate-wallet__actions"
  >
    <div
      className="generate-wallet__action"
    >
      <Link
        href={
          Object {
            "pathname": "/wallet",
          }
        }
        size="medium"
        style="secondary"
      >
        Cancel
      </Link>
    </div>
    <div
      className="generate-wallet__action"
    >
      <Button
        onClick={[Function]}
        style="primary"
      >
        Confirm
      </Button>
    </div>
  </div>
</div>
`;
