// Jest Snapshot v1, https://goo.gl/fbAQLP

exports[`ImportWallet should render correctly 1`] = `
<div
  className="import-wallet"
>
  <style
    jsx={true}
  >
    <type
      0="p"
      1="r"
      2="o"
      3="p"
      4="s"
      key="key"
    >
      rendered
    </type>
  </style>
  <div
    className="import-wallet__dropzone"
  >
    <n
      disableClick={false}
      disabled={false}
      getDataTransferItems={[Function]}
      inputProps={Object {}}
      maxSize={Infinity}
      minSize={0}
      multiple={true}
      preventDropOnDocument={true}
      style={
        Object {
          "border": "1px dotted black",
          "cursor": "pointer",
          "padding": 10,
          "textAlign": "center",
          "width": "100%",
        }
      }
    >
      <p>
        Select a wallet JSON file from your computer
      </p>
    </n>
  </div>
</div>
`;
