// Jest Snapshot v1, https://goo.gl/fbAQLP

exports[`Switch should render correctly 1`] = `
<div
  className="switch"
>
  <style
    jsx={true}
  >
    <type
      0="p"
      1="r"
      2="o"
      3="p"
      4="s"
      key="key"
    >
      rendered
    </type>
  </style>
  <label
    className="switch__wrapper"
  >
    <input
      className="switch__input"
      name="name"
      onChange={[Function]}
      type="checkbox"
      value="value"
    />
    <span
      className="switch__label"
      data-label-left="Buy"
      data-label-right="Sell"
    >
      ETH-M
    </span>
    <span
      className="switch__label"
      data-label-left="Buy"
      data-label-right="Sell"
    >
      MLN-M
    </span>
    <div
      className="switch__icon"
    />
  </label>
</div>
`;
