// Jest Snapshot v1, https://goo.gl/fbAQLP

exports[`Card should render correctly 1`] = `
<div
  className="card"
  onClick={[MockFunction]}
>
  <style
    jsx={true}
  >
    <type
      0="p"
      1="r"
      2="o"
      3="p"
      4="s"
      key="key"
    >
      rendered
    </type>
  </style>
  <div
    className="card__rank"
  >
    <span
      className="card__rank-symbol"
    >
      #
    </span>
    1
  </div>
  <div
    className="card__info-cell"
  >
    <div
      className="card__info-wrap"
    >
      <div
        className="card__name"
      >
        Black Turtle
      </div>
      <div
        className="card__info"
      >
        <div
          className="card__share-price"
        >
          <span
            className="card__label"
          >
            Share price
          </span>
           
          1.0000 ETH
        </div>
        <div
          className="card__inception-date"
        >
          <span
            className="card__label"
          >
            Inception Date
          </span>
           
          26. Jul 2018 10:48
        </div>
      </div>
      <div
        className="card__report"
        onClick={[Function]}
      >
        <Link
          target="_blank"
          title="Show Report"
        >
          <Icon
            height="20px"
            name="icons_report"
            width="16px"
          />
        </Link>
      </div>
    </div>
  </div>
</div>
`;
